[objects]
{
    "a0000000-0000-0000-0000-000000000001,00000000-0000-0000-0000-000000000001": {"a": 58},
    "a0000000-0000-0000-0000-000000000002,00000000-0000-0000-0000-000000000002": { "b": 42 },
    "a0000000-0000-0000-0000-000000000002,00000000-0000-0000-0000-000000000003": { "b": 12 },
    "a0000000-0000-0000-0000-000000000003,00000000-0000-0000-0000-000000000004": { "c": 69 },
    "a0000000-0000-0000-0000-000000000003,00000000-0000-0000-0000-000000000005": { "c": 420 }
}

[tree_response]
{
  "rows":[
    {
      "base_object_id": "00000000-0000-0000-0000-000000000001",
      "relation_object_ids":[
        "00000000-0000-0000-0000-000000000003",
        "00000000-0000-0000-0000-000000000004"
      ]
    },
    {
      "base_object_id": "00000000-0000-0000-0000-000000000001",
      "relation_object_ids":[
        "00000000-0000-0000-0000-000000000003",
        "00000000-0000-0000-0000-000000000005"
      ]
    }
  ]
}

[relation_map]
{
  "b0000000-0000-0000-0000-000000000001":
    ["a0000000-0000-0000-0000-000000000001","a0000000-0000-0000-0000-000000000002"],
  "b0000000-0000-0000-0000-000000000002":
    ["a0000000-0000-0000-0000-000000000002","a0000000-0000-0000-0000-000000000003"]
}

[view]
{
  "id": "00000000-0000-0000-0000-000000000001",
  "name": "Sample View",
  "base_schema_id": "a0000000-0000-0000-0000-000000000001",
  "materializer_options": {},
  "materializer_address": "",
  "fields": {
    "baz": {
      "simple": {
        "field_name": "a",
        "field_type": "numeric"
      }
    },
    "foo": {
      "computed": {
        "computation": {
          "field_value": {
            "schema_id": 1,
            "field_path": "b"
          }
        },
        "field_type": "numeric"
      }
    },
    "bar": {
      "computed": {
        "computation": {
          "field_value": {
            "schema_id": 2,
            "field_path": "c"
          }
        },
        "field_type": "numeric"
      }
    }
  },
  "relations": [
    {
      "global_id": "b0000000-0000-0000-0000-000000000001",
      "local_id": 1,
      "search_for": "CHILDREN",
      "relations": [
        {
            "global_id": "b0000000-0000-0000-0000-000000000002",
            "local_id": 2,
            "search_for": "CHILDREN"
        }
      ]
    }
 ]
}

[expected.view_plan_build]
{
  "missing": {
    "a0000000-0000-0000-0000-000000000001,00000000-0000-0000-0000-000000000001": [
      0,
      1
    ],
    "a0000000-0000-0000-0000-000000000002,00000000-0000-0000-0000-000000000003": [
      0,
      1
    ],
    "a0000000-0000-0000-0000-000000000003,00000000-0000-0000-0000-000000000004": [
      0
    ],
    "a0000000-0000-0000-0000-000000000003,00000000-0000-0000-0000-000000000005": [
      1
    ]
  },
  "unfinished_rows": [
    {
      "fields": {
        "bar": {
          "computed": {
            "computation": {
              "field_value": {
                "field_path": "c",
                "object": "a0000000-0000-0000-0000-000000000003,00000000-0000-0000-0000-000000000004"
              }
            },
            "field_type": "Numeric"
          }
        },
        "baz": {
          "simple": {
            "field_name": "a",
            "field_type": "Numeric",
            "object": "a0000000-0000-0000-0000-000000000001,00000000-0000-0000-0000-000000000001"
          }
        },
        "foo": {
          "computed": {
            "computation": {
              "field_value": {
                "field_path": "b",
                "object": "a0000000-0000-0000-0000-000000000002,00000000-0000-0000-0000-000000000003"
              }
            },
            "field_type": "Numeric"
          }
        }
      },
      "missing": 3,
      "objects": {},
      "relation_order": [
        "a0000000-0000-0000-0000-000000000001,00000000-0000-0000-0000-000000000001",
        "a0000000-0000-0000-0000-000000000002,00000000-0000-0000-0000-000000000003",
        "a0000000-0000-0000-0000-000000000003,00000000-0000-0000-0000-000000000004"
      ],
      "root_object": "a0000000-0000-0000-0000-000000000001,00000000-0000-0000-0000-000000000001"
    },
    {
      "fields": {
        "bar": {
          "computed": {
            "computation": {
              "field_value": {
                "field_path": "c",
                "object": "a0000000-0000-0000-0000-000000000003,00000000-0000-0000-0000-000000000005"
              }
            },
            "field_type": "Numeric"
          }
        },
        "baz": {
          "simple": {
            "field_name": "a",
            "field_type": "Numeric",
            "object": "a0000000-0000-0000-0000-000000000001,00000000-0000-0000-0000-000000000001"
          }
        },
        "foo": {
          "computed": {
            "computation": {
              "field_value": {
                "field_path": "b",
                "object": "a0000000-0000-0000-0000-000000000002,00000000-0000-0000-0000-000000000003"
              }
            },
            "field_type": "Numeric"
          }
        }
      },
      "missing": 3,
      "objects": {},
      "relation_order": [
        "a0000000-0000-0000-0000-000000000001,00000000-0000-0000-0000-000000000001",
        "a0000000-0000-0000-0000-000000000002,00000000-0000-0000-0000-000000000003",
        "a0000000-0000-0000-0000-000000000003,00000000-0000-0000-0000-000000000005"
      ],
      "root_object": "a0000000-0000-0000-0000-000000000001,00000000-0000-0000-0000-000000000001"
    }
  ]
}

[expected.built_rows]
[
  {
    "fields": {
      "bar": 420,
      "baz": 58,
      "foo": 12
    },
    "objects": [
      "a0000000-0000-0000-0000-000000000001,00000000-0000-0000-0000-000000000001",
      "a0000000-0000-0000-0000-000000000002,00000000-0000-0000-0000-000000000003",
      "a0000000-0000-0000-0000-000000000003,00000000-0000-0000-0000-000000000005"
    ]
  },
  {
    "fields": {
      "bar": 69,
      "baz": 58,
      "foo": 12
    },
    "objects": [
      "a0000000-0000-0000-0000-000000000001,00000000-0000-0000-0000-000000000001",
      "a0000000-0000-0000-0000-000000000002,00000000-0000-0000-0000-000000000003",
      "a0000000-0000-0000-0000-000000000003,00000000-0000-0000-0000-000000000004"
    ]
  }
]

[end]
