[objects]
{
    "a0000000-0000-0000-0000-000000000001,00000000-0000-0000-0000-000000000001": { "a": 58 },
    "a0000000-0000-0000-0000-000000000002,00000000-0000-0000-0000-000000000002": { "b": 42 }
}

[tree_response]
{
  "rows":[
    {
      "base_object_id": "00000000-0000-0000-0000-000000000001",
      "relation_object_ids":[
        "00000000-0000-0000-0000-000000000002"
      ]
    }
  ]
}

[relation_map]
{
  "b0000000-0000-0000-0000-000000000001":
    ["a0000000-0000-0000-0000-000000000001","a0000000-0000-0000-0000-000000000002"]
}

[view]
{
  "id": "00000000-0000-0000-0000-000000000001",
  "name": "Sample View",
  "base_schema_id": "a0000000-0000-0000-0000-000000000001",
  "materializer_options": {},
  "materializer_address": "",
  "fields": {
    "foo": {
      "computed": {
        "computation": {
          "raw_value": "abcd"
        },
        "field_type": "numeric"
      }
    }
  },
  "relations": [
    {
      "global_id": "b0000000-0000-0000-0000-000000000001",
      "local_id": 1,
      "search_for": "CHILDREN"
    }
 ]
}

[expected.view_plan_build]
{
  "missing": {
    "a0000000-0000-0000-0000-000000000001,00000000-0000-0000-0000-000000000001": [
      0
    ],
    "a0000000-0000-0000-0000-000000000002,00000000-0000-0000-0000-000000000002": [
      0
    ]
  },
  "unfinished_rows": [
    {
      "fields": {
        "foo": {
          "computed": {
            "computation": {
              "raw_value": {
                "value": "abcd"
              }
            },
            "field_type": "Numeric"
          }
        }
      },
      "missing": 2,
      "objects": {},
      "relation_order": [
        "a0000000-0000-0000-0000-000000000001,00000000-0000-0000-0000-000000000001",
        "a0000000-0000-0000-0000-000000000002,00000000-0000-0000-0000-000000000002"
      ],
      "root_object": "a0000000-0000-0000-0000-000000000001,00000000-0000-0000-0000-000000000001"
    }
  ]
}

[expected.built_rows]
[
  {
    "fields": {
      "foo": "abcd"
    },
    "objects": [
      "a0000000-0000-0000-0000-000000000001,00000000-0000-0000-0000-000000000001",
      "a0000000-0000-0000-0000-000000000002,00000000-0000-0000-0000-000000000002"
    ]
  }
]

[end]
